---
http_interactions:
- request:
    method: post
    uri: https://api.stripe.com/v1/accounts
    body:
      encoding: UTF-8
      string: country=US&type=custom&email=lavina.cruickshank%40champlin.biz&legal_entity[business_name]=Kshlerin-Reynolds&legal_entity[dob][day]=18&legal_entity[dob][month]=7&legal_entity[dob][year]=1998&legal_entity[first_name]=Rebbeca&legal_entity[last_name]=Ullrich&legal_entity[personal_id_number]=755-24-0940&legal_entity[type]=company&legal_entity[address][city]=Lake+Zeniachester&legal_entity[address][country]=US&legal_entity[address][line1]=6577+Karima+Garden&legal_entity[address][postal_code]=91110&legal_entity[address][state]=UT&tos_acceptance[date]=1531946909&tos_acceptance[ip]=76.85.188.143
    headers:
      User-Agent:
      - Stripe/v1 RubyBindings/3.17.0
      Authorization:
      - Bearer sk_test_5EdEIBWTO1bLIqVSPdsHZcTr
      Content-Type:
      - application/x-www-form-urlencoded
      X-Stripe-Client-User-Agent:
      - '{"bindings_version":"3.17.0","lang":"ruby","lang_version":"2.5.0 p0 (2017-12-25)","platform":"x86_64-darwin17","engine":"ruby","publisher":"stripe","uname":"Darwin
        AnfiniLPro.local 17.7.0 Darwin Kernel Version 17.7.0: Thu Jun 21 22:53:14
        PDT 2018; root:xnu-4570.71.2~1/RELEASE_X86_64 x86_64","hostname":"AnfiniLPro.local"}'
      Accept-Encoding:
      - gzip;q=1.0,deflate;q=0.6,identity;q=0.3
      Accept:
      - "*/*"
  response:
    status:
      code: 200
      message: OK
    headers:
      Server:
      - nginx
      Date:
      - Wed, 18 Jul 2018 20:48:31 GMT
      Content-Type:
      - application/json
      Content-Length:
      - '2197'
      Connection:
      - keep-alive
      Access-Control-Allow-Credentials:
      - 'true'
      Access-Control-Allow-Methods:
      - GET, POST, HEAD, OPTIONS, DELETE
      Access-Control-Allow-Origin:
      - "*"
      Access-Control-Expose-Headers:
      - Request-Id, Stripe-Manage-Version, X-Stripe-External-Auth-Required, X-Stripe-Privileged-Session-Required
      Access-Control-Max-Age:
      - '300'
      Cache-Control:
      - no-cache, no-store
      Request-Id:
      - req_vXCeKHL8mOpF8E
      Stripe-Version:
      - '2018-02-06'
      Strict-Transport-Security:
      - max-age=31556926; includeSubDomains; preload
    body:
      encoding: UTF-8
      string: |
        {
          "id": "acct_1CpMZWLyN1QSWmSU",
          "object": "account",
          "business_name": "Kshlerin-Reynolds",
          "business_url": null,
          "charges_enabled": true,
          "country": "US",
          "created": 1531946910,
          "debit_negative_balances": false,
          "decline_charge_on": {
            "avs_failure": false,
            "cvc_failure": false
          },
          "default_currency": "usd",
          "details_submitted": false,
          "display_name": null,
          "email": "lavina.cruickshank@champlin.biz",
          "external_accounts": {
            "object": "list",
            "data": [],
            "has_more": false,
            "total_count": 0,
            "url": "/v1/accounts/acct_1CpMZWLyN1QSWmSU/external_accounts"
          },
          "keys": {
            "secret": "sk_test_xNFbNwPXrT8mwP0Pl3PUtzBe",
            "publishable": "pk_test_HviymZ0XjzgaGLvDcyzbSwkK"
          },
          "legal_entity": {
            "additional_owners": [],
            "address": {
              "city": "Lake Zeniachester",
              "country": "US",
              "line1": "6577 Karima Garden",
              "line2": null,
              "postal_code": "91110",
              "state": "UT"
            },
            "business_name": "Kshlerin-Reynolds",
            "business_tax_id_provided": false,
            "dob": {
              "day": 18,
              "month": 7,
              "year": 1998
            },
            "first_name": "Rebbeca",
            "last_name": "Ullrich",
            "personal_address": {
              "city": null,
              "country": "US",
              "line1": null,
              "line2": null,
              "postal_code": null,
              "state": null
            },
            "personal_id_number_provided": true,
            "ssn_last_4_provided": true,
            "type": "company",
            "verification": {
              "details": null,
              "details_code": null,
              "document": null,
              "document_back": null,
              "status": "pending"
            }
          },
          "metadata": {},
          "payout_schedule": {
            "delay_days": 2,
            "interval": "daily"
          },
          "payout_statement_descriptor": null,
          "payouts_enabled": false,
          "product_description": null,
          "statement_descriptor": "",
          "support_email": null,
          "support_phone": null,
          "timezone": "Etc/UTC",
          "tos_acceptance": {
            "date": 1531946909,
            "ip": "76.85.188.143",
            "user_agent": null
          },
          "type": "custom",
          "verification": {
            "disabled_reason": null,
            "due_by": null,
            "fields_needed": [
              "external_account",
              "legal_entity.business_tax_id"
            ]
          }
        }
    http_version: 
  recorded_at: Wed, 18 Jul 2018 20:48:31 GMT
- request:
    method: post
    uri: https://api.stripe.com/v1/customers
    body:
      encoding: UTF-8
      string: email=nicola%40ruecker.name&card=tok_visa
    headers:
      Content-Type:
      - application/x-www-form-urlencoded
      Authorization:
      - Basic c2tfdGVzdF81RWRFSUJXVE8xYkxJcVZTUGRzSFpjVHI6
      User-Agent:
      - Stripe/v1 ActiveMerchantBindings/1.80.0
      Stripe-Version:
      - '2015-04-07'
      X-Stripe-Client-User-Agent:
      - '{"bindings_version":"1.80.0","lang":"ruby","lang_version":"2.5.0 p0 (2017-12-25)","platform":"x86_64-darwin17","publisher":"active_merchant"}'
      X-Stripe-Client-User-Metadata:
      - '{"ip":null}'
      Connection:
      - close
      Accept-Encoding:
      - gzip;q=1.0,deflate;q=0.6,identity;q=0.3
      Accept:
      - "*/*"
  response:
    status:
      code: 200
      message: OK
    headers:
      Server:
      - nginx
      Date:
      - Wed, 18 Jul 2018 20:48:33 GMT
      Content-Type:
      - application/json
      Content-Length:
      - '1425'
      Connection:
      - close
      Access-Control-Allow-Credentials:
      - 'true'
      Access-Control-Allow-Methods:
      - GET, POST, HEAD, OPTIONS, DELETE
      Access-Control-Allow-Origin:
      - "*"
      Access-Control-Expose-Headers:
      - Request-Id, Stripe-Manage-Version, X-Stripe-External-Auth-Required, X-Stripe-Privileged-Session-Required
      Access-Control-Max-Age:
      - '300'
      Cache-Control:
      - no-cache, no-store
      Request-Id:
      - req_y1XdlHbZk8CEzH
      Stripe-Version:
      - '2015-04-07'
      Strict-Transport-Security:
      - max-age=31556926; includeSubDomains; preload
    body:
      encoding: UTF-8
      string: |
        {
          "id": "cus_DFsKWPg182c0Y6",
          "object": "customer",
          "account_balance": 0,
          "created": 1531946912,
          "currency": null,
          "default_source": "card_1CpMZYI93ruT9p2PwrZjLAhk",
          "delinquent": false,
          "description": null,
          "discount": null,
          "email": "nicola@ruecker.name",
          "invoice_prefix": "466698C",
          "livemode": false,
          "metadata": {},
          "shipping": null,
          "sources": {
            "object": "list",
            "data": [
              {
                "id": "card_1CpMZYI93ruT9p2PwrZjLAhk",
                "object": "card",
                "address_city": null,
                "address_country": null,
                "address_line1": null,
                "address_line1_check": null,
                "address_line2": null,
                "address_state": null,
                "address_zip": null,
                "address_zip_check": null,
                "brand": "Visa",
                "country": "US",
                "customer": "cus_DFsKWPg182c0Y6",
                "cvc_check": null,
                "dynamic_last4": null,
                "exp_month": 7,
                "exp_year": 2019,
                "fingerprint": "nFWZcG1SSLrd81Cf",
                "funding": "credit",
                "last4": "4242",
                "metadata": {},
                "name": null,
                "tokenization_method": null
              }
            ],
            "has_more": false,
            "total_count": 1,
            "url": "/v1/customers/cus_DFsKWPg182c0Y6/sources"
          },
          "subscriptions": {
            "object": "list",
            "data": [],
            "has_more": false,
            "total_count": 0,
            "url": "/v1/customers/cus_DFsKWPg182c0Y6/subscriptions"
          }
        }
    http_version: 
  recorded_at: Wed, 18 Jul 2018 20:48:33 GMT
- request:
    method: post
    uri: https://api.stripe.com/v1/charges
    body:
      encoding: UTF-8
      string: card=card_1CpMZYI93ruT9p2PwrZjLAhk&amount=1000&currency=usd&description=Spree+Order+ID%3A+R333865056-PHPZA43F&payment_user_agent=Stripe%2Fv1+ActiveMerchantBindings%2F1.80.0&customer=cus_DFsKWPg182c0Y6&capture=false
    headers:
      Content-Type:
      - application/x-www-form-urlencoded
      Authorization:
      - Basic c2tfdGVzdF81RWRFSUJXVE8xYkxJcVZTUGRzSFpjVHI6
      User-Agent:
      - Stripe/v1 ActiveMerchantBindings/1.80.0
      Stripe-Version:
      - '2015-04-07'
      X-Stripe-Client-User-Agent:
      - '{"bindings_version":"1.80.0","lang":"ruby","lang_version":"2.5.0 p0 (2017-12-25)","platform":"x86_64-darwin17","publisher":"active_merchant"}'
      X-Stripe-Client-User-Metadata:
      - '{"ip":null}'
      Connection:
      - close
      Accept-Encoding:
      - gzip;q=1.0,deflate;q=0.6,identity;q=0.3
      Accept:
      - "*/*"
  response:
    status:
      code: 200
      message: OK
    headers:
      Server:
      - nginx
      Date:
      - Wed, 18 Jul 2018 20:48:34 GMT
      Content-Type:
      - application/json
      Content-Length:
      - '1778'
      Connection:
      - close
      Access-Control-Allow-Credentials:
      - 'true'
      Access-Control-Allow-Methods:
      - GET, POST, HEAD, OPTIONS, DELETE
      Access-Control-Allow-Origin:
      - "*"
      Access-Control-Expose-Headers:
      - Request-Id, Stripe-Manage-Version, X-Stripe-External-Auth-Required, X-Stripe-Privileged-Session-Required
      Access-Control-Max-Age:
      - '300'
      Cache-Control:
      - no-cache, no-store
      Request-Id:
      - req_FyrgTDxseIu1O7
      Stripe-Version:
      - '2015-04-07'
      Strict-Transport-Security:
      - max-age=31556926; includeSubDomains; preload
    body:
      encoding: UTF-8
      string: |
        {
          "id": "ch_1CpMZaI93ruT9p2Pvh472bzo",
          "object": "charge",
          "amount": 1000,
          "amount_refunded": 0,
          "application": null,
          "application_fee": null,
          "balance_transaction": null,
          "captured": false,
          "created": 1531946914,
          "currency": "usd",
          "customer": "cus_DFsKWPg182c0Y6",
          "description": "Spree Order ID: R333865056-PHPZA43F",
          "destination": null,
          "dispute": null,
          "failure_code": null,
          "failure_message": null,
          "fraud_details": {},
          "invoice": null,
          "livemode": false,
          "metadata": {},
          "on_behalf_of": null,
          "order": null,
          "outcome": {
            "network_status": "approved_by_network",
            "reason": null,
            "risk_level": "normal",
            "seller_message": "Payment complete.",
            "type": "authorized"
          },
          "paid": true,
          "receipt_email": null,
          "receipt_number": null,
          "refunded": false,
          "refunds": {
            "object": "list",
            "data": [],
            "has_more": false,
            "total_count": 0,
            "url": "/v1/charges/ch_1CpMZaI93ruT9p2Pvh472bzo/refunds"
          },
          "review": null,
          "shipping": null,
          "source": {
            "id": "card_1CpMZYI93ruT9p2PwrZjLAhk",
            "object": "card",
            "address_city": null,
            "address_country": null,
            "address_line1": null,
            "address_line1_check": null,
            "address_line2": null,
            "address_state": null,
            "address_zip": null,
            "address_zip_check": null,
            "brand": "Visa",
            "country": "US",
            "customer": "cus_DFsKWPg182c0Y6",
            "cvc_check": null,
            "dynamic_last4": null,
            "exp_month": 7,
            "exp_year": 2019,
            "fingerprint": "nFWZcG1SSLrd81Cf",
            "funding": "credit",
            "last4": "4242",
            "metadata": {},
            "name": null,
            "tokenization_method": null
          },
          "source_transfer": null,
          "statement_descriptor": null,
          "status": "succeeded",
          "transfer_group": null
        }
    http_version: 
  recorded_at: Wed, 18 Jul 2018 20:48:34 GMT
recorded_with: VCR 4.0.0
