---
http_interactions:
- request:
    method: post
    uri: http://global-reputation:3001/api/v1/ratings
    body:
      encoding: UTF-8
      string: '{"data":{"type":"ratings","attributes":{"sender":null,"receiver":null,"value":"1","review":"some
        review"}}}'
    headers:
      X-Api-Key:
      - fe98dddcab33ec21d31b038dd3
      User-Agent:
      - Faraday v0.12.2
      Content-Type:
      - application/vnd.api+json
      Accept:
      - application/vnd.api+json
      Accept-Encoding:
      - gzip;q=1.0,deflate;q=0.6,identity;q=0.3
  response:
    status:
      code: 201
      message: Created
    headers:
      Content-Type:
      - application/vnd.api+json; charset=utf-8
      Etag:
      - W/"af69d846443e11f379b8d05c307e8fe3"
      Cache-Control:
      - max-age=0, private, must-revalidate
      X-Request-Id:
      - de367af0-e184-4912-8566-4fdccddc07d5
      X-Runtime:
      - '0.029620'
      Transfer-Encoding:
      - chunked
    body:
      encoding: UTF-8
      string: '{"data":{"id":"VZ64PVXGZS7ES0","type":"rating","attributes":{"value":1,"modification":null,"created_at":"2018-08-09
        08:15:52 UTC","review":"some review","sender":"U1311VDYXJ1FD7","receiver":"RZ1QAUQDONHM0N"}}}'
    http_version: 
  recorded_at: Thu, 09 Aug 2018 08:15:52 GMT
- request:
    method: get
    uri: http://global-reputation:3001/api/v1/reputations/RZ1QAUQDONHM0N
    body:
      encoding: US-ASCII
      string: ''
    headers:
      X-Api-Key:
      - fe98dddcab33ec21d31b038dd3
      User-Agent:
      - Faraday v0.12.2
      Content-Type:
      - application/vnd.api+json
      Accept:
      - application/vnd.api+json
      Accept-Encoding:
      - gzip;q=1.0,deflate;q=0.6,identity;q=0.3
  response:
    status:
      code: 200
      message: OK
    headers:
      Content-Type:
      - application/vnd.api+json; charset=utf-8
      Etag:
      - W/"f20f2d66456aa57783c0d6acca676134"
      Cache-Control:
      - max-age=0, private, must-revalidate
      X-Request-Id:
      - 91934b6d-f438-4468-94af-99c225d093ea
      X-Runtime:
      - '0.006838'
      Transfer-Encoding:
      - chunked
    body:
      encoding: UTF-8
      string: '{"data":{"id":"RZ1QAUQDONHM0N","type":"reputation","attributes":{"ratings":1,"score":1.0}}}'
    http_version: 
  recorded_at: Thu, 09 Aug 2018 08:15:52 GMT
- request:
    method: get
    uri: http://global-reputation:3001/api/v1/ratings/VZ64PVXGZS7ES0
    body:
      encoding: US-ASCII
      string: ''
    headers:
      X-Api-Key:
      - fe98dddcab33ec21d31b038dd3
      User-Agent:
      - Faraday v0.12.2
      Content-Type:
      - application/vnd.api+json
      Accept:
      - application/vnd.api+json
      Accept-Encoding:
      - gzip;q=1.0,deflate;q=0.6,identity;q=0.3
  response:
    status:
      code: 200
      message: OK
    headers:
      Content-Type:
      - application/vnd.api+json; charset=utf-8
      Etag:
      - W/"af69d846443e11f379b8d05c307e8fe3"
      Cache-Control:
      - max-age=0, private, must-revalidate
      X-Request-Id:
      - 484fda25-005b-4c00-bad4-1676a1de9fed
      X-Runtime:
      - '0.007534'
      Transfer-Encoding:
      - chunked
    body:
      encoding: UTF-8
      string: '{"data":{"id":"VZ64PVXGZS7ES0","type":"rating","attributes":{"value":1,"modification":null,"created_at":"2018-08-09
        08:15:52 UTC","review":"some review","sender":"U1311VDYXJ1FD7","receiver":"RZ1QAUQDONHM0N"}}}'
    http_version: 
  recorded_at: Thu, 09 Aug 2018 08:15:52 GMT
recorded_with: VCR 4.0.0
