---
http_interactions:
- request:
    method: post
    uri: http://global-reputation:3001/api/v1/ratings
    body:
      encoding: UTF-8
      string: '{"data":{"type":"ratings","attributes":{"sender":null,"receiver":null,"value":"1","review":"some
        review"}}}'
    headers:
      X-Api-Key:
      - fe98dddcab33ec21d31b038dd3
      User-Agent:
      - Faraday v0.12.2
      Content-Type:
      - application/vnd.api+json
      Accept:
      - application/vnd.api+json
      Accept-Encoding:
      - gzip;q=1.0,deflate;q=0.6,identity;q=0.3
  response:
    status:
      code: 201
      message: Created
    headers:
      Content-Type:
      - application/vnd.api+json; charset=utf-8
      Etag:
      - W/"ae4b19fbcdccafdc03fb2e096d442f50"
      Cache-Control:
      - max-age=0, private, must-revalidate
      X-Request-Id:
      - 6adafebc-1f7a-46e2-a426-399e3a9c5aa6
      X-Runtime:
      - '0.024793'
      Transfer-Encoding:
      - chunked
    body:
      encoding: UTF-8
      string: '{"data":{"id":"V14CR0OL2J6UMF","type":"rating","attributes":{"value":1,"modification":null,"created_at":"2018-08-09
        08:15:54 UTC","review":"some review","sender":"UJGYJ9OHV48FVI","receiver":"RD2MWDL94TUS4E"}}}'
    http_version: 
  recorded_at: Thu, 09 Aug 2018 08:15:54 GMT
- request:
    method: get
    uri: http://global-reputation:3001/api/v1/reputations/RD2MWDL94TUS4E
    body:
      encoding: US-ASCII
      string: ''
    headers:
      X-Api-Key:
      - fe98dddcab33ec21d31b038dd3
      User-Agent:
      - Faraday v0.12.2
      Content-Type:
      - application/vnd.api+json
      Accept:
      - application/vnd.api+json
      Accept-Encoding:
      - gzip;q=1.0,deflate;q=0.6,identity;q=0.3
  response:
    status:
      code: 200
      message: OK
    headers:
      Content-Type:
      - application/vnd.api+json; charset=utf-8
      Etag:
      - W/"f9a01b6653732f7e9fde54b4e2520f92"
      Cache-Control:
      - max-age=0, private, must-revalidate
      X-Request-Id:
      - 5fa2473f-4bce-4480-9e06-e576965c4409
      X-Runtime:
      - '0.006988'
      Transfer-Encoding:
      - chunked
    body:
      encoding: UTF-8
      string: '{"data":{"id":"RD2MWDL94TUS4E","type":"reputation","attributes":{"ratings":1,"score":1.0}}}'
    http_version: 
  recorded_at: Thu, 09 Aug 2018 08:15:54 GMT
- request:
    method: get
    uri: http://global-reputation:3001/api/v1/ratings/V14CR0OL2J6UMF
    body:
      encoding: US-ASCII
      string: ''
    headers:
      X-Api-Key:
      - fe98dddcab33ec21d31b038dd3
      User-Agent:
      - Faraday v0.12.2
      Content-Type:
      - application/vnd.api+json
      Accept:
      - application/vnd.api+json
      Accept-Encoding:
      - gzip;q=1.0,deflate;q=0.6,identity;q=0.3
  response:
    status:
      code: 200
      message: OK
    headers:
      Content-Type:
      - application/vnd.api+json; charset=utf-8
      Etag:
      - W/"ae4b19fbcdccafdc03fb2e096d442f50"
      Cache-Control:
      - max-age=0, private, must-revalidate
      X-Request-Id:
      - d8540704-173f-4ac1-9062-665b1698af4d
      X-Runtime:
      - '0.005394'
      Transfer-Encoding:
      - chunked
    body:
      encoding: UTF-8
      string: '{"data":{"id":"V14CR0OL2J6UMF","type":"rating","attributes":{"value":1,"modification":null,"created_at":"2018-08-09
        08:15:54 UTC","review":"some review","sender":"UJGYJ9OHV48FVI","receiver":"RD2MWDL94TUS4E"}}}'
    http_version: 
  recorded_at: Thu, 09 Aug 2018 08:15:54 GMT
- request:
    method: get
    uri: http://global-reputation:3001/api/v1/ratings/V14CR0OL2J6UMF
    body:
      encoding: US-ASCII
      string: ''
    headers:
      X-Api-Key:
      - fe98dddcab33ec21d31b038dd3
      User-Agent:
      - Faraday v0.12.2
      Content-Type:
      - application/vnd.api+json
      Accept:
      - application/vnd.api+json
      Accept-Encoding:
      - gzip;q=1.0,deflate;q=0.6,identity;q=0.3
  response:
    status:
      code: 200
      message: OK
    headers:
      Content-Type:
      - application/vnd.api+json; charset=utf-8
      Etag:
      - W/"ae4b19fbcdccafdc03fb2e096d442f50"
      Cache-Control:
      - max-age=0, private, must-revalidate
      X-Request-Id:
      - d1b2166e-7381-45d5-8af1-2be350ac104a
      X-Runtime:
      - '0.006065'
      Transfer-Encoding:
      - chunked
    body:
      encoding: UTF-8
      string: '{"data":{"id":"V14CR0OL2J6UMF","type":"rating","attributes":{"value":1,"modification":null,"created_at":"2018-08-09
        08:15:54 UTC","review":"some review","sender":"UJGYJ9OHV48FVI","receiver":"RD2MWDL94TUS4E"}}}'
    http_version: 
  recorded_at: Thu, 09 Aug 2018 08:15:55 GMT
- request:
    method: patch
    uri: http://global-reputation:3001/api/v1/ratings/V14CR0OL2J6UMF
    body:
      encoding: UTF-8
      string: '{"data":{"id":"V14CR0OL2J6UMF","type":"rating","attributes":{"value":"-1","review":"bad
        review"}}}'
    headers:
      X-Api-Key:
      - fe98dddcab33ec21d31b038dd3
      User-Agent:
      - Faraday v0.12.2
      Content-Type:
      - application/vnd.api+json
      Accept:
      - application/vnd.api+json
      Accept-Encoding:
      - gzip;q=1.0,deflate;q=0.6,identity;q=0.3
  response:
    status:
      code: 200
      message: OK
    headers:
      Content-Type:
      - application/vnd.api+json; charset=utf-8
      Etag:
      - W/"13fc120a2cf05fed6f2e8d6dc8d326a3"
      Cache-Control:
      - max-age=0, private, must-revalidate
      X-Request-Id:
      - 0e352c3d-b0ec-48cb-8458-c7625571dd77
      X-Runtime:
      - '0.022674'
      Transfer-Encoding:
      - chunked
    body:
      encoding: UTF-8
      string: '{"data":{"id":"V14CR0OL2J6UMF","type":"rating","attributes":{"value":1,"modification":-1,"created_at":"2018-08-09
        08:15:54 UTC","review":"bad review","sender":"UJGYJ9OHV48FVI","receiver":"RD2MWDL94TUS4E"}}}'
    http_version: 
  recorded_at: Thu, 09 Aug 2018 08:15:55 GMT
- request:
    method: get
    uri: http://global-reputation:3001/api/v1/reputations/RD2MWDL94TUS4E
    body:
      encoding: US-ASCII
      string: ''
    headers:
      X-Api-Key:
      - fe98dddcab33ec21d31b038dd3
      User-Agent:
      - Faraday v0.12.2
      Content-Type:
      - application/vnd.api+json
      Accept:
      - application/vnd.api+json
      Accept-Encoding:
      - gzip;q=1.0,deflate;q=0.6,identity;q=0.3
  response:
    status:
      code: 200
      message: OK
    headers:
      Content-Type:
      - application/vnd.api+json; charset=utf-8
      Etag:
      - W/"975838fdd51f3f58295a9b9c38190dcd"
      Cache-Control:
      - max-age=0, private, must-revalidate
      X-Request-Id:
      - 42c843a3-0ac4-4c63-97f8-42f056ed3b25
      X-Runtime:
      - '0.005571'
      Transfer-Encoding:
      - chunked
    body:
      encoding: UTF-8
      string: '{"data":{"id":"RD2MWDL94TUS4E","type":"reputation","attributes":{"ratings":1,"score":null}}}'
    http_version: 
  recorded_at: Thu, 09 Aug 2018 08:15:55 GMT
- request:
    method: get
    uri: http://global-reputation:3001/api/v1/ratings/V14CR0OL2J6UMF
    body:
      encoding: US-ASCII
      string: ''
    headers:
      X-Api-Key:
      - fe98dddcab33ec21d31b038dd3
      User-Agent:
      - Faraday v0.12.2
      Content-Type:
      - application/vnd.api+json
      Accept:
      - application/vnd.api+json
      Accept-Encoding:
      - gzip;q=1.0,deflate;q=0.6,identity;q=0.3
  response:
    status:
      code: 200
      message: OK
    headers:
      Content-Type:
      - application/vnd.api+json; charset=utf-8
      Etag:
      - W/"13fc120a2cf05fed6f2e8d6dc8d326a3"
      Cache-Control:
      - max-age=0, private, must-revalidate
      X-Request-Id:
      - 4f073eec-c889-455c-b101-6e827136a89a
      X-Runtime:
      - '0.005997'
      Transfer-Encoding:
      - chunked
    body:
      encoding: UTF-8
      string: '{"data":{"id":"V14CR0OL2J6UMF","type":"rating","attributes":{"value":1,"modification":-1,"created_at":"2018-08-09
        08:15:54 UTC","review":"bad review","sender":"UJGYJ9OHV48FVI","receiver":"RD2MWDL94TUS4E"}}}'
    http_version: 
  recorded_at: Thu, 09 Aug 2018 08:15:55 GMT
recorded_with: VCR 4.0.0
